------------------------------------------------------------------------------
Thu Mar 30 12:11:42 PM WEST 2023
begin ulimit settings:
real-time non-blocking time  (microseconds, -R) unlimited
core file size              (blocks, -c) unlimited
data seg size               (kbytes, -d) unlimited
scheduling priority                 (-e) 0
file size                   (blocks, -f) unlimited
pending signals                     (-i) 62630
max locked memory           (kbytes, -l) 8192
max memory size             (kbytes, -m) unlimited
open files                          (-n) 16384
pipe size                (512 bytes, -p) 8
POSIX message queues         (bytes, -q) 819200
real-time priority                  (-r) 0
stack size                  (kbytes, -s) 8192
cpu time                   (seconds, -t) unlimited
max user processes                  (-u) 62630
virtual memory              (kbytes, -v) unlimited
file locks                          (-x) unlimited
end ulimit settings
Executing command: /home/epousa/dev/opennms/target/opennms-32.0.0-SNAPSHOT/bin/runjava -r -- --add-modules=java.base,java.compiler,java.datatransfer,java.desktop,java.instrument,java.logging,java.management,java.management.rmi,java.naming,java.prefs,java.rmi,java.scripting,java.security.jgss,java.security.sasl,java.sql,java.sql.rowset,java.xml,jdk.attach,jdk.httpserver,jdk.jdi,jdk.sctp,jdk.security.auth,jdk.xml.dom -Djava.locale.providers=CLDR,COMPAT -Dopennms.pidfile=/home/epousa/dev/opennms/target/opennms-32.0.0-SNAPSHOT/logs/opennms.pid -Dorg.apache.jasper.compiler.disablejsr199=true -agentlib:jdwp=transport=dt_socket,server=y,address=*:8001,suspend=n -D_OPENNMS_LAUNCH -Dopennms.home=/home/epousa/dev/opennms/target/opennms-32.0.0-SNAPSHOT -XX:+HeapDumpOnOutOfMemoryError -Xmx2048m -Dcom.sun.management.jmxremote.authenticate=true -Dcom.sun.management.jmxremote.login.config=opennms -Dcom.sun.management.jmxremote.access.file=/home/epousa/dev/opennms/target/opennms-32.0.0-SNAPSHOT/etc/jmxremote.access -Djdk.attach.allowAttachSelf=true -DisThreadContextMapInheritable=true -Dgroovy.use.classvalue=true -XX:MaxMetaspaceSize=512m -Djava.io.tmpdir=/home/epousa/dev/opennms/target/opennms-32.0.0-SNAPSHOT/data/tmp -XX:+StartAttachListener -verbose:gc -jar /home/epousa/dev/opennms/target/opennms-32.0.0-SNAPSHOT/lib/opennms_bootstrap.jar start
[0.014s][info][gc] Using G1
Listening for transport dt_socket at address: 8001
[0.358s][info][gc] GC(0) Pause Young (Normal) (G1 Evacuation Pause) 27M->18M(246M) 6.844ms
[0.474s][info][gc] GC(1) Pause Young (Normal) (G1 Evacuation Pause) 32M->26M(246M) 5.369ms
[0.707s][info][gc] GC(2) Pause Young (Normal) (G1 Evacuation Pause) 52M->29M(246M) 2.892ms
[1.010s][info][gc] GC(3) Pause Young (Normal) (G1 Evacuation Pause) 71M->30M(246M) 1.925ms
[1.500s][info][gc] GC(4) Pause Young (Concurrent Start) (Metadata GC Threshold) 79M->32M(246M) 4.881ms
[1.500s][info][gc] GC(5) Concurrent Cycle
[1.508s][info][gc] GC(5) Pause Remark 33M->33M(246M) 1.754ms
[1.511s][info][gc] GC(5) Pause Cleanup 34M->34M(246M) 0.062ms
[1.512s][info][gc] GC(5) Concurrent Cycle 12.261ms
[INFO] Invoking init on object OpenNMS:Name=Manager
[INFO] Invocation init successful for MBean OpenNMS:Name=Manager
[INFO] Invoking doTestLoadLibraries on object OpenNMS:Name=TestLoadLibraries
[DEBUG] Attempting to load library using System.loadLibrary("jicmp").
[DEBUG] Attempting to load library using System.loadLibrary("jicmp").
[DEBUG] Attempting to load library using System.loadLibrary("jicmp").
[DEBUG] Attempting to load library using System.loadLibrary("jicmp").
[DEBUG] Attempting to load library using System.loadLibrary("jicmp").
[DEBUG] Attempting to load library using System.loadLibrary("jicmp").
[DEBUG] Attempting to load library using System.loadLibrary("jicmp6").
[DEBUG] Attempting to load library using System.loadLibrary("jicmp").
[DEBUG] Attempting to load library using System.loadLibrary("jicmp").
[DEBUG] Attempting to load library using System.loadLibrary("jicmp6").
[INFO] Using ICMP implementation: org.opennms.netmgt.icmp.best.BestMatchPinger
[INFO] IPv4 ICMP available? true
[INFO] IPv6 ICMP available? true
[INFO] Invocation doTestLoadLibraries successful for MBean OpenNMS:Name=TestLoadLibraries
[INFO] Invoking init on object OpenNMS:Name=Eventd
[2.595s][info][gc] GC(6) Pause Young (Normal) (G1 Evacuation Pause) 173M->34M(246M) 14.623ms
[2.903s][info][gc] GC(7) Pause Young (Concurrent Start) (Metadata GC Threshold) 89M->35M(296M) 13.401ms
[2.903s][info][gc] GC(8) Concurrent Cycle
[2.912s][info][gc] GC(8) Pause Remark 37M->37M(296M) 3.232ms
[2.915s][info][gc] GC(8) Pause Cleanup 37M->37M(296M) 0.064ms
[2.917s][info][gc] GC(8) Concurrent Cycle 13.942ms
[3.927s][info][gc] GC(9) Pause Young (Normal) (G1 Evacuation Pause) 186M->39M(296M) 15.218ms
[5.571s][info][gc] GC(10) Pause Young (Normal) (G1 Evacuation Pause) 201M->64M(296M) 26.136ms
[6.463s][info][gc] GC(11) Pause Young (Normal) (G1 Evacuation Pause) 208M->90M(296M) 33.554ms
[6.860s][info][gc] GC(12) Pause Young (Normal) (G1 Evacuation Pause) 213M->98M(375M) 15.282ms
WARNING: An illegal reflective access operation has occurred
WARNING: Illegal reflective access by org.springframework.cglib.core.ReflectUtils$1 (file:/home/epousa/dev/opennms/target/opennms-32.0.0-SNAPSHOT/lib/org.apache.servicemix.bundles.spring-core-4.2.9.RELEASE_1.jar) to method java.lang.ClassLoader.defineClass(java.lang.String,byte[],int,int,java.security.ProtectionDomain)
WARNING: Please consider reporting this to the maintainers of org.springframework.cglib.core.ReflectUtils$1
WARNING: Use --illegal-access=warn to enable warnings of further illegal reflective access operations
WARNING: All illegal access operations will be denied in a future release
[DEBUG] Attempting to load library using System.loadLibrary("jicmp").
[DEBUG] Attempting to load library using System.loadLibrary("jicmp").
[DEBUG] Attempting to load library using System.loadLibrary("jicmp").
[DEBUG] Attempting to load library using System.loadLibrary("jicmp").
[DEBUG] Attempting to load library using System.loadLibrary("jicmp").
[DEBUG] Attempting to load library using System.loadLibrary("jicmp").
[DEBUG] Attempting to load library using System.loadLibrary("jicmp6").
[DEBUG] Attempting to load library using System.loadLibrary("jicmp").
[DEBUG] Attempting to load library using System.loadLibrary("jicmp").
[DEBUG] Attempting to load library using System.loadLibrary("jicmp6").
[7.601s][info][gc] GC(13) Pause Young (Normal) (G1 Evacuation Pause) 251M->100M(375M) 9.145ms
[8.679s][info][gc] GC(14) Pause Young (Normal) (G1 Evacuation Pause) 269M->106M(375M) 8.801ms
[9.197s][info][gc] GC(15) Pause Young (Normal) (G1 Evacuation Pause) 270M->107M(375M) 9.380ms
[9.802s][info][gc] GC(16) Pause Young (Concurrent Start) (Metadata GC Threshold) 193M->111M(375M) 18.099ms
[9.802s][info][gc] GC(17) Concurrent Cycle
[9.880s][info][gc] GC(17) Pause Remark 120M->120M(375M) 10.320ms
[9.924s][info][gc] GC(17) Pause Cleanup 125M->125M(375M) 0.098ms
[9.925s][info][gc] GC(17) Concurrent Cycle 122.686ms
[10.717s][info][gc] GC(18) Pause Young (Concurrent Start) (G1 Evacuation Pause) 286M->118M(375M) 14.601ms
[10.717s][info][gc] GC(19) Concurrent Cycle
[10.798s][info][gc] GC(19) Pause Remark 127M->127M(375M) 11.687ms
[10.839s][info][gc] GC(19) Pause Cleanup 137M->137M(375M) 0.105ms
[10.840s][info][gc] GC(19) Concurrent Cycle 122.707ms
[12.018s][info][gc] GC(20) Pause Young (Normal) (G1 Evacuation Pause) 292M->119M(375M) 27.464ms
[13.185s][info][gc] GC(21) Pause Young (Normal) (G1 Evacuation Pause) 296M->122M(375M) 25.932ms
[14.849s][info][gc] GC(22) Pause Young (Normal) (G1 Evacuation Pause) 302M->132M(375M) 29.326ms
[22.113s][info][gc] GC(23) Pause Young (Normal) (G1 Evacuation Pause) 303M->131M(375M) 17.884ms
[23.032s][info][gc] GC(24) Pause Young (Normal) (G1 Evacuation Pause) 309M->130M(375M) 9.316ms
[24.377s][info][gc] GC(25) Pause Young (Normal) (G1 Evacuation Pause) 312M->134M(375M) 19.474ms
[25.511s][info][gc] GC(26) Pause Young (Normal) (G1 Evacuation Pause) 314M->140M(375M) 12.900ms
[26.544s][info][gc] GC(27) Pause Young (Concurrent Start) (Metadata GC Threshold) 315M->145M(375M) 19.114ms
[26.544s][info][gc] GC(28) Concurrent Cycle
[26.678s][info][gc] GC(28) Pause Remark 165M->165M(375M) 26.053ms
[26.747s][info][gc] GC(28) Pause Cleanup 171M->171M(375M) 0.178ms
[26.748s][info][gc] GC(28) Concurrent Cycle 203.969ms
[27.750s][info][gc] GC(29) Pause Young (Normal) (G1 Evacuation Pause) 317M->151M(375M) 16.488ms
[INFO] Invocation init successful for MBean OpenNMS:Name=Eventd
[INFO] Invoking init on object OpenNMS:Name=Alarmd
[INFO] Invocation init successful for MBean OpenNMS:Name=Alarmd
[INFO] Invoking init on object OpenNMS:Name=Bsmd
[INFO] Invocation init successful for MBean OpenNMS:Name=Bsmd
[INFO] Invoking init on object OpenNMS:Name=Ticketer
[INFO] Invocation init successful for MBean OpenNMS:Name=Ticketer
[INFO] Invoking init on object OpenNMS:Name=Queued
[INFO] Invocation init successful for MBean OpenNMS:Name=Queued
[INFO] Invoking init on object OpenNMS:Name=Actiond
[INFO] Invocation init successful for MBean OpenNMS:Name=Actiond
[INFO] Invoking init on object OpenNMS:Name=Notifd
[28.684s][info][gc] GC(30) Pause Young (Normal) (G1 Evacuation Pause) 316M->155M(375M) 12.377ms
[INFO] Invocation init successful for MBean OpenNMS:Name=Notifd
[INFO] Invoking init on object OpenNMS:Name=Scriptd
[INFO] Invocation init successful for MBean OpenNMS:Name=Scriptd
[INFO] Invoking init on object OpenNMS:Name=Rtcd
[INFO] Invocation init successful for MBean OpenNMS:Name=Rtcd
[INFO] Invoking init on object OpenNMS:Name=Pollerd
[INFO] Invocation init successful for MBean OpenNMS:Name=Pollerd
[INFO] Invoking init on object OpenNMS:Name=EnhancedLinkd
[INFO] Invocation init successful for MBean OpenNMS:Name=EnhancedLinkd
[INFO] Invoking init on object OpenNMS:Name=Collectd
[29.742s][info][gc] GC(31) Pause Young (Normal) (G1 Evacuation Pause) 319M->160M(375M) 14.853ms
[INFO] Invocation init successful for MBean OpenNMS:Name=Collectd
[INFO] Invoking init on object OpenNMS:Name=Discovery
[INFO] Invocation init successful for MBean OpenNMS:Name=Discovery
[INFO] Invoking init on object OpenNMS:Name=Vacuumd
[INFO] Invocation init successful for MBean OpenNMS:Name=Vacuumd
[INFO] Invoking init on object OpenNMS:Name=EventTranslator
[INFO] Invocation init successful for MBean OpenNMS:Name=EventTranslator
[INFO] Invoking init on object OpenNMS:Name=PassiveStatusd
[INFO] Invocation init successful for MBean OpenNMS:Name=PassiveStatusd
[INFO] Invoking init on object OpenNMS:Name=Statsd
[INFO] Invocation init successful for MBean OpenNMS:Name=Statsd
[INFO] Invoking init on object OpenNMS:Name=Provisiond
[30.573s][info][gc] GC(32) Pause Young (Normal) (G1 Evacuation Pause) 320M->163M(375M) 15.598ms
[31.234s][info][gc] GC(33) Pause Young (Normal) (G1 Evacuation Pause) 321M->166M(375M) 13.201ms
[INFO] Invocation init successful for MBean OpenNMS:Name=Provisiond
[INFO] Invoking init on object OpenNMS:Name=Reportd
[INFO] Invocation init successful for MBean OpenNMS:Name=Reportd
[INFO] Invoking init on object OpenNMS:Name=Ackd
[INFO] Invocation init successful for MBean OpenNMS:Name=Ackd
[INFO] Invoking init on object OpenNMS:Name=JettyServer
[INFO] Invocation init successful for MBean OpenNMS:Name=JettyServer
[INFO] Invoking init on object OpenNMS:Name=KarafStartupMonitor
[INFO] Invocation init successful for MBean OpenNMS:Name=KarafStartupMonitor
[INFO] Invoking init on object OpenNMS:Name=Telemetryd
[INFO] Invocation init successful for MBean OpenNMS:Name=Telemetryd
[INFO] Invoking init on object OpenNMS:Name=Trapd
[INFO] Invocation init successful for MBean OpenNMS:Name=Trapd
[INFO] Invoking init on object OpenNMS:Name=PerspectivePoller
[INFO] Invocation init successful for MBean OpenNMS:Name=PerspectivePoller
[INFO] Invoking start on object OpenNMS:Name=Eventd
[INFO] Invocation start successful for MBean OpenNMS:Name=Eventd
[INFO] Invoking start on object OpenNMS:Name=Alarmd
[32.301s][info][gc] GC(34) Pause Young (Normal) (G1 Evacuation Pause) 322M->170M(375M) 16.927ms
[33.352s][info][gc] GC(35) Pause Young (Normal) (G1 Evacuation Pause) 319M->173M(375M) 26.948ms
[33.778s][info][gc] GC(36) Pause Young (Normal) (G1 Evacuation Pause) 322M->181M(375M) 11.877ms
[34.089s][info][gc] GC(37) Pause Young (Normal) (G1 Evacuation Pause) 317M->182M(375M) 14.168ms
[34.603s][info][gc] GC(38) Pause Young (Concurrent Start) (G1 Evacuation Pause) 320M->182M(375M) 7.139ms
[34.603s][info][gc] GC(39) Concurrent Cycle
[34.838s][info][gc] GC(39) Pause Remark 202M->202M(375M) 25.692ms
[34.949s][info][gc] GC(39) Pause Cleanup 211M->211M(375M) 0.161ms
[34.950s][info][gc] GC(39) Concurrent Cycle 346.905ms
[INFO] Invocation start successful for MBean OpenNMS:Name=Alarmd
[INFO] Invoking start on object OpenNMS:Name=Bsmd
[INFO] Invocation start successful for MBean OpenNMS:Name=Bsmd
[INFO] Invoking start on object OpenNMS:Name=Ticketer
[INFO] Invocation start successful for MBean OpenNMS:Name=Ticketer
[INFO] Invoking start on object OpenNMS:Name=Queued
[INFO] Invocation start successful for MBean OpenNMS:Name=Queued
[INFO] Invoking start on object OpenNMS:Name=Actiond
[INFO] Invocation start successful for MBean OpenNMS:Name=Actiond
[INFO] Invoking start on object OpenNMS:Name=Notifd
[INFO] Invocation start successful for MBean OpenNMS:Name=Notifd
[INFO] Invoking start on object OpenNMS:Name=Scriptd
[INFO] Invocation start successful for MBean OpenNMS:Name=Scriptd
[INFO] Invoking start on object OpenNMS:Name=Rtcd
[INFO] Invocation start successful for MBean OpenNMS:Name=Rtcd
[INFO] Invoking start on object OpenNMS:Name=Pollerd
[INFO] Invocation start successful for MBean OpenNMS:Name=Pollerd
[INFO] Invoking start on object OpenNMS:Name=EnhancedLinkd
[INFO] Invocation start successful for MBean OpenNMS:Name=EnhancedLinkd
[INFO] Invoking start on object OpenNMS:Name=Collectd
[INFO] Invocation start successful for MBean OpenNMS:Name=Collectd
[INFO] Invoking start on object OpenNMS:Name=Discovery
[INFO] Invocation start successful for MBean OpenNMS:Name=Discovery
[INFO] Invoking start on object OpenNMS:Name=Vacuumd
[INFO] Invocation start successful for MBean OpenNMS:Name=Vacuumd
[INFO] Invoking start on object OpenNMS:Name=EventTranslator
[INFO] Invocation start successful for MBean OpenNMS:Name=EventTranslator
[INFO] Invoking start on object OpenNMS:Name=PassiveStatusd
[INFO] Invocation start successful for MBean OpenNMS:Name=PassiveStatusd
[INFO] Invoking start on object OpenNMS:Name=Statsd
[INFO] Invocation start successful for MBean OpenNMS:Name=Statsd
[INFO] Invoking start on object OpenNMS:Name=Provisiond
[INFO] Invocation start successful for MBean OpenNMS:Name=Provisiond
[INFO] Invoking start on object OpenNMS:Name=Reportd
[INFO] Invocation start successful for MBean OpenNMS:Name=Reportd
[INFO] Invoking start on object OpenNMS:Name=Ackd
[INFO] Invocation start successful for MBean OpenNMS:Name=Ackd
[INFO] Invoking start on object OpenNMS:Name=JettyServer
[35.688s][info][gc] GC(40) Pause Young (Normal) (G1 Evacuation Pause) 321M->186M(375M) 14.341ms
[36.367s][info][gc] GC(41) Pause Young (Concurrent Start) (G1 Evacuation Pause) 323M->189M(375M) 12.214ms
[36.367s][info][gc] GC(42) Concurrent Cycle
[36.535s][info][gc] GC(42) Pause Remark 208M->208M(375M) 23.159ms
[36.626s][info][gc] GC(42) Pause Cleanup 225M->225M(375M) 0.201ms
[36.627s][info][gc] GC(42) Concurrent Cycle 259.536ms
[37.202s][info][gc] GC(43) Pause Young (Normal) (G1 Evacuation Pause) 323M->190M(375M) 10.102ms
[43.807s][info][gc] GC(44) Pause Young (Concurrent Start) (G1 Evacuation Pause) 324M->195M(375M) 15.456ms
[43.807s][info][gc] GC(45) Concurrent Cycle
[43.957s][info][gc] GC(45) Pause Remark 224M->224M(375M) 17.134ms
[44.086s][info][gc] GC(45) Pause Cleanup 247M->247M(375M) 0.173ms
[44.086s][info][gc] GC(45) Concurrent Cycle 279.320ms
[44.359s][info][gc] GC(46) Pause Young (Normal) (G1 Evacuation Pause) 320M->196M(375M) 17.283ms
[44.829s][info][gc] GC(47) Pause Young (Concurrent Start) (G1 Evacuation Pause) 326M->199M(375M) 11.430ms
[44.829s][info][gc] GC(48) Concurrent Cycle
[45.006s][info][gc] GC(48) Pause Remark 236M->236M(375M) 24.684ms
[45.137s][info][gc] GC(48) Pause Cleanup 257M->257M(375M) 0.184ms
[45.138s][info][gc] GC(48) Concurrent Cycle 309.314ms
[45.446s][info][gc] GC(49) Pause Young (Normal) (G1 Evacuation Pause) 324M->199M(375M) 8.371ms
[45.869s][info][gc] GC(50) Pause Young (Concurrent Start) (G1 Evacuation Pause) 326M->201M(375M) 10.150ms
[45.869s][info][gc] GC(51) Concurrent Cycle
[46.049s][info][gc] GC(51) Pause Remark 217M->217M(375M) 20.040ms
[46.169s][info][gc] GC(51) Pause Cleanup 238M->238M(375M) 0.235ms
[46.169s][info][gc] GC(51) Concurrent Cycle 299.812ms
init...
[46.620s][info][gc] GC(52) Pause Young (Normal) (G1 Evacuation Pause) 327M->206M(375M) 10.048ms
[47.169s][info][gc] GC(53) Pause Young (Concurrent Start) (G1 Evacuation Pause) 324M->209M(375M) 14.634ms
[47.169s][info][gc] GC(54) Concurrent Cycle
[47.341s][info][gc] GC(54) Pause Remark 232M->232M(375M) 13.705ms
[47.453s][info][gc] GC(54) Pause Cleanup 243M->243M(375M) 0.253ms
[47.454s][info][gc] GC(54) Concurrent Cycle 284.938ms
Mar 30, 2023 12:12:30 PM org.apache.karaf.main.Main launch
INFO: Installing and starting initial bundles
Mar 30, 2023 12:12:30 PM org.apache.karaf.main.Main launch
INFO: All initial bundles installed and set to start
[48.029s][info][gc] GC(55) Pause Young (Normal) (G1 Evacuation Pause) 324M->215M(375M) 19.699ms
Mar 30, 2023 12:12:30 PM org.apache.karaf.main.Main$KarafLockCallback lockAcquired
INFO: Lock acquired. Setting startlevel to 100
Mar 30, 2023 12:12:30 PM org.apache.karaf.main.ShutdownSocketThread run
INFO: Shutdown socket thread is listening on 127.0.0.1:36633
org.ops4j.pax.logging.pax-logging-api [org.ops4j.pax.logging.internal.Activator] INFO : Enabling Java Util Logging API support.
org.ops4j.pax.logging.pax-logging-api [org.ops4j.pax.logging.internal.Activator] INFO : Enabling SLF4J API support.
org.ops4j.pax.logging.pax-logging-api [org.ops4j.pax.logging.internal.Activator] INFO : Enabling Apache Commons Logging API support.
org.ops4j.pax.logging.pax-logging-api [org.ops4j.pax.logging.internal.Activator] INFO : Enabling JULI Logger API support.
org.ops4j.pax.logging.pax-logging-api [org.ops4j.pax.logging.internal.Activator] INFO : Enabling Avalon Logger API support.
org.ops4j.pax.logging.pax-logging-api [org.ops4j.pax.logging.internal.Activator] INFO : Enabling JBoss Logging API support.
org.ops4j.pax.logging.pax-logging-api [org.ops4j.pax.logging.internal.Activator] INFO : Enabling Log4J v1 API support.
[48.481s][info][gc] GC(56) Pause Young (Concurrent Start) (G1 Evacuation Pause) 322M->221M(375M) 17.325ms
[48.481s][info][gc] GC(57) Concurrent Cycle
org.ops4j.pax.logging.pax-logging-api [org.ops4j.pax.logging.internal.Activator] INFO : Enabling Log4J v2 API support.
org.ops4j.pax.logging.pax-logging-api [log4j2] INFO : Initializing Log4j2 using default configuration
org.ops4j.pax.logging.pax-logging-api [log4j2] INFO : Scanning for classes in '/org/ops4j/pax/logging/log4j2/internal/bridges' matching criteria annotated with @Plugin
[48.731s][info][gc] GC(57) Pause Remark 269M->269M(375M) 24.527ms
org.ops4j.pax.logging.pax-logging-api [log4j2] INFO : Log4J2 configured using default configuration.
org.ops4j.pax.logging.pax-logging-log4j2 [org.ops4j.pax.logging.spi.support.EventAdminConfigurationNotifier] INFO : Sending Event Admin notification (configuration successful) to org/ops4j/pax/logging/Configuration
12:12:31.515 [FelixStartLevel] INFO  org.opennms.features.config.osgi.del.Activator - Registering service CmPersistenceManagerDelegator.
12:12:31.524 [FelixStartLevel] INFO  org.opennms.features.config.osgi.del.Activator - CmPersistenceManagerDelegator started.
12:12:31.568 [CM Configuration Updater (ManagedService Update: pid=[org.ops4j.pax.logging])] INFO  org.ops4j.pax.logging.spi.support.EventAdminConfigurationNotifier - Sending Event Admin notification (configuration successful) to org/ops4j/pax/logging/Configuration
12:12:31.577 [FelixStartLevel] INFO  org.apache.felix.configadmin.plugin.interpolation.InterpolationConfigurationPlugin - Configured directory for secrets: /home/epousa/dev/opennms/target/opennms-32.0.0-SNAPSHOT/etc
[48.898s][info][gc] GC(57) Pause Cleanup 297M->297M(375M) 0.312ms
[48.899s][info][gc] GC(57) Concurrent Cycle 417.583ms
12:12:31.694 [FelixStartLevel] INFO  org.apache.felix.fileinstall - Creating configuration {org.ops4j.pax.logging} from /home/epousa/dev/opennms/target/opennms-32.0.0-SNAPSHOT/etc/org.ops4j.pax.logging.cfg
[49.041s][info][gc] GC(58) Pause Young (Normal) (GCLocker Initiated GC) 321M->220M(375M) 16.055ms
org.ops4j.pax.logging.pax-logging-api [log4j2] INFO : Log4J2 configured using configuration from passed properties
[49.507s][info][gc] GC(59) Pause Young (Concurrent Start) (G1 Evacuation Pause) 323M->223M(375M) 12.856ms
[49.507s][info][gc] GC(60) Concurrent Cycle
[49.718s][info][gc] GC(60) Pause Remark 264M->264M(375M) 16.781ms
[49.881s][info][gc] GC(60) Pause Cleanup 313M->313M(375M) 0.202ms
[49.882s][info][gc] GC(60) Concurrent Cycle 374.527ms
[49.918s][info][gc] GC(61) Pause Young (Normal) (G1 Evacuation Pause) 322M->225M(375M) 9.773ms
[50.280s][info][gc] GC(62) Pause Young (Concurrent Start) (G1 Evacuation Pause) 324M->230M(375M) 19.440ms
[50.280s][info][gc] GC(63) Concurrent Cycle
[50.484s][info][gc] GC(63) Pause Remark 291M->291M(375M) 19.523ms
[50.626s][info][gc] GC(63) Pause Cleanup 322M->322M(375M) 0.207ms
[50.626s][info][gc] GC(63) Concurrent Cycle 346.755ms
[50.660s][info][gc] GC(64) Pause Young (Normal) (G1 Evacuation Pause) 326M->235M(375M) 15.703ms
[51.027s][info][gc] GC(65) Pause Young (Concurrent Start) (G1 Evacuation Pause) 325M->238M(375M) 22.882ms
[51.027s][info][gc] GC(66) Concurrent Cycle
[51.286s][info][gc] GC(66) Pause Remark 274M->274M(375M) 19.073ms
[51.474s][info][gc] GC(66) Pause Cleanup 302M->302M(375M) 0.365ms
[51.474s][info][gc] GC(66) Concurrent Cycle 447.256ms
[51.671s][info][gc] GC(67) Pause Young (Normal) (G1 Evacuation Pause) 323M->243M(375M) 22.426ms
[52.187s][info][gc] GC(68) Pause Young (Concurrent Start) (G1 Evacuation Pause) 323M->246M(442M) 25.327ms
[52.187s][info][gc] GC(69) Concurrent Cycle
[52.571s][info][gc] GC(69) Pause Remark 330M->330M(442M) 28.814ms
[52.824s][info][gc] GC(69) Pause Cleanup 377M->377M(442M) 0.272ms
[52.825s][info][gc] GC(69) Concurrent Cycle 637.933ms
[52.851s][info][gc] GC(70) Pause Young (Normal) (G1 Evacuation Pause) 377M->249M(442M) 20.365ms
[53.637s][info][gc] GC(71) Pause Young (Concurrent Start) (G1 Evacuation Pause) 379M->254M(442M) 31.385ms
[53.637s][info][gc] GC(72) Concurrent Cycle
[53.949s][info][gc] GC(72) Pause Remark 300M->300M(442M) 25.327ms
[54.121s][info][gc] GC(72) Pause Cleanup 317M->317M(442M) 0.258ms
[54.122s][info][gc] GC(72) Concurrent Cycle 484.719ms
[54.416s][info][gc] GC(73) Pause Young (Concurrent Start) (G1 Humongous Allocation) 377M->260M(442M) 22.358ms
[54.416s][info][gc] GC(74) Concurrent Cycle
[54.742s][info][gc] GC(74) Pause Remark 345M->345M(442M) 26.833ms
[54.901s][info][gc] GC(75) Pause Young (Normal) (G1 Evacuation Pause) 378M->304M(507M) 46.555ms
[55.005s][info][gc] GC(74) Pause Cleanup 325M->325M(507M) 0.401ms
[55.007s][info][gc] GC(74) Concurrent Cycle 590.891ms
[55.406s][info][gc] GC(76) Pause Young (Normal) (G1 Evacuation Pause) 407M->327M(507M) 22.201ms
[INFO] Invocation start successful for MBean OpenNMS:Name=JettyServer
[INFO] Invoking start on object OpenNMS:Name=KarafStartupMonitor
[55.928s][info][gc] GC(77) Pause Young (Concurrent Start) (G1 Evacuation Pause) 413M->355M(507M) 25.927ms
[55.928s][info][gc] GC(78) Concurrent Cycle
[56.168s][info][gc] GC(78) Pause Remark 384M->383M(507M) 38.952ms
[56.412s][info][gc] GC(78) Pause Cleanup 417M->417M(507M) 0.268ms
[56.413s][info][gc] GC(78) Concurrent Cycle 484.038ms
[56.442s][info][gc] GC(79) Pause Young (Prepare Mixed) (G1 Evacuation Pause) 417M->375M(507M) 25.550ms
[56.528s][info][gc] GC(80) Pause Young (Mixed) (G1 Evacuation Pause) 390M->377M(571M) 20.172ms
[57.118s][info][gc] GC(81) Pause Young (Concurrent Start) (GCLocker Initiated GC) 453M->378M(571M) 11.902ms
[57.118s][info][gc] GC(82) Concurrent Cycle
[57.463s][info][gc] GC(82) Pause Remark 415M->415M(571M) 24.772ms
[57.726s][info][gc] GC(82) Pause Cleanup 447M->447M(571M) 0.354ms
[57.727s][info][gc] GC(82) Concurrent Cycle 608.581ms
[57.903s][info][gc] GC(83) Pause Young (Prepare Mixed) (GCLocker Initiated GC) 460M->379M(571M) 11.065ms
[58.045s][info][gc] GC(84) Pause Young (Mixed) (G1 Evacuation Pause) 401M->378M(571M) 9.306ms
[58.479s][info][gc] GC(85) Pause Young (Concurrent Start) (G1 Humongous Allocation) 455M->379M(571M) 20.846ms
[58.479s][info][gc] GC(86) Concurrent Cycle
[58.834s][info][gc] GC(86) Pause Remark 403M->375M(571M) 27.538ms
[59.030s][info][gc] GC(86) Pause Cleanup 376M->376M(571M) 0.399ms
[59.031s][info][gc] GC(86) Concurrent Cycle 551.959ms
[60.039s][info][gc] GC(87) Pause Young (Prepare Mixed) (G1 Evacuation Pause) 443M->369M(571M) 13.760ms
[60.128s][info][gc] GC(88) Pause Young (Mixed) (G1 Evacuation Pause) 385M->347M(571M) 12.552ms
[61.148s][info][gc] GC(89) Pause Young (Concurrent Start) (G1 Evacuation Pause) 449M->362M(571M) 19.464ms
[61.148s][info][gc] GC(90) Concurrent Cycle
[61.449s][info][gc] GC(90) Pause Remark 382M->346M(571M) 24.484ms
[61.650s][info][gc] GC(90) Pause Cleanup 374M->374M(571M) 0.283ms
[61.651s][info][gc] GC(90) Concurrent Cycle 502.645ms
[62.018s][info][gc] GC(91) Pause Young (Prepare Mixed) (G1 Evacuation Pause) 423M->334M(571M) 16.869ms
[62.076s][info][gc] GC(92) Pause Young (Mixed) (G1 Evacuation Pause) 354M->324M(571M) 14.247ms
[62.309s][info][gc] GC(93) Pause Young (Normal) (G1 Evacuation Pause) 438M->323M(571M) 6.522ms
[62.520s][info][gc] GC(94) Pause Young (Normal) (G1 Evacuation Pause) 443M->323M(571M) 3.812ms
[62.753s][info][gc] GC(95) Pause Young (Normal) (G1 Evacuation Pause) 449M->323M(571M) 4.886ms
[62.962s][info][gc] GC(96) Pause Young (Normal) (G1 Evacuation Pause) 456M->323M(571M) 4.084ms
[63.150s][info][gc] GC(97) Pause Young (Normal) (G1 Evacuation Pause) 462M->323M(571M) 3.075ms
[63.350s][info][gc] GC(98) Pause Young (Normal) (G1 Evacuation Pause) 468M->323M(571M) 3.193ms
[63.559s][info][gc] GC(99) Pause Young (Normal) (G1 Evacuation Pause) 473M->323M(571M) 3.996ms
[63.852s][info][gc] GC(100) Pause Young (Normal) (G1 Evacuation Pause) 478M->324M(571M) 5.437ms
[64.089s][info][gc] GC(101) Pause Young (Normal) (G1 Evacuation Pause) 483M->325M(571M) 4.674ms
[64.332s][info][gc] GC(102) Pause Young (Normal) (G1 Evacuation Pause) 486M->325M(571M) 8.184ms
[64.685s][info][gc] GC(103) Pause Young (Normal) (G1 Evacuation Pause) 487M->327M(571M) 9.475ms
[65.079s][info][gc] GC(104) Pause Young (Normal) (G1 Evacuation Pause) 490M->328M(571M) 21.691ms
[65.388s][info][gc] GC(105) Pause Young (Normal) (G1 Evacuation Pause) 492M->328M(571M) 13.184ms
[65.675s][info][gc] GC(106) Pause Young (Normal) (G1 Evacuation Pause) 494M->329M(571M) 8.950ms
[66.014s][info][gc] GC(107) Pause Young (Normal) (G1 Evacuation Pause) 495M->330M(571M) 18.226ms
[66.294s][info][gc] GC(108) Pause Young (Normal) (G1 Evacuation Pause) 497M->330M(571M) 9.311ms
[66.626s][info][gc] GC(109) Pause Young (Normal) (G1 Evacuation Pause) 499M->373M(571M) 40.833ms
[66.834s][info][gc] GC(110) Pause Young (Normal) (G1 Evacuation Pause) 465M->443M(723M) 97.487ms
[67.175s][info][gc] GC(111) Pause Young (Normal) (G1 Evacuation Pause) 543M->447M(723M) 25.480ms
[67.451s][info][gc] GC(112) Pause Young (Normal) (G1 Evacuation Pause) 553M->512M(723M) 42.360ms
[67.581s][info][gc] GC(113) Pause Young (Normal) (G1 Evacuation Pause) 575M->523M(723M) 16.370ms
[67.699s][info][gc] GC(114) Pause Young (Normal) (G1 Evacuation Pause) 586M->538M(988M) 17.844ms
[68.423s][info][gc] GC(115) Pause Young (Normal) (G1 Evacuation Pause) 703M->551M(988M) 39.649ms
[69.644s][info][gc] GC(116) Pause Young (Normal) (G1 Evacuation Pause) 728M->558M(988M) 29.778ms
[70.530s][info][gc] GC(117) Pause Young (Normal) (G1 Evacuation Pause) 746M->575M(988M) 27.293ms
[70.922s][info][gc] GC(118) Pause Young (Normal) (G1 Evacuation Pause) 766M->612M(988M) 34.757ms
[71.246s][info][gc] GC(119) Pause Young (Normal) (G1 Evacuation Pause) 777M->621M(988M) 39.280ms
[71.596s][info][gc] GC(120) Pause Young (Normal) (G1 Evacuation Pause) 789M->627M(1035M) 26.129ms
[72.327s][info][gc] GC(121) Pause Young (Normal) (G1 Evacuation Pause) 821M->632M(1035M) 30.760ms
[73.258s][info][gc] GC(122) Pause Young (Normal) (G1 Evacuation Pause) 833M->646M(1035M) 29.455ms
[75.158s][info][gc] GC(123) Pause Young (Normal) (G1 Evacuation Pause) 844M->649M(1035M) 11.739ms
[76.720s][info][gc] GC(124) Pause Young (Normal) (G1 Evacuation Pause) 857M->657M(1035M) 14.257ms
[78.109s][info][gc] GC(125) Pause Young (Normal) (G1 Evacuation Pause) 866M->672M(1035M) 16.132ms
[78.735s][info][gc] GC(126) Pause Young (Normal) (G1 Evacuation Pause) 871M->685M(1035M) 29.655ms
[78.904s][info][gc] GC(127) Pause Young (Normal) (G1 Evacuation Pause) 874M->687M(1035M) 15.501ms
[78.969s][info][gc] GC(128) Pause Young (Normal) (G1 Evacuation Pause) 882M->686M(1035M) 3.364ms
[79.035s][info][gc] GC(129) Pause Young (Normal) (G1 Evacuation Pause) 888M->685M(1035M) 4.381ms
[79.115s][info][gc] GC(130) Pause Young (Normal) (G1 Evacuation Pause) 893M->685M(1035M) 4.443ms
[79.196s][info][gc] GC(131) Pause Young (Normal) (G1 Evacuation Pause) 898M->685M(1035M) 4.591ms
[79.274s][info][gc] GC(132) Pause Young (Normal) (G1 Evacuation Pause) 900M->685M(1035M) 4.421ms
[79.355s][info][gc] GC(133) Pause Young (Normal) (G1 Evacuation Pause) 902M->685M(1035M) 4.479ms
[79.445s][info][gc] GC(134) Pause Young (Normal) (G1 Evacuation Pause) 904M->686M(1035M) 4.988ms
[79.545s][info][gc] GC(135) Pause Young (Normal) (G1 Evacuation Pause) 914M->686M(1035M) 4.597ms
[79.634s][info][gc] GC(136) Pause Young (Normal) (G1 Evacuation Pause) 916M->686M(1035M) 4.878ms
[79.738s][info][gc] GC(137) Pause Young (Normal) (G1 Evacuation Pause) 917M->685M(1035M) 4.766ms
[79.835s][info][gc] GC(138) Pause Young (Normal) (G1 Evacuation Pause) 918M->686M(1035M) 4.793ms
[79.933s][info][gc] GC(139) Pause Young (Normal) (G1 Evacuation Pause) 920M->686M(1035M) 4.741ms
[80.025s][info][gc] GC(140) Pause Young (Normal) (G1 Evacuation Pause) 920M->686M(1035M) 3.872ms
[80.113s][info][gc] GC(141) Pause Young (Normal) (G1 Evacuation Pause) 921M->686M(1035M) 3.470ms
[80.212s][info][gc] GC(142) Pause Young (Normal) (G1 Evacuation Pause) 922M->686M(1035M) 4.714ms
[80.307s][info][gc] GC(143) Pause Young (Normal) (G1 Evacuation Pause) 923M->686M(1035M) 4.455ms
[80.430s][info][gc] GC(144) Pause Young (Normal) (G1 Evacuation Pause) 923M->686M(1035M) 5.816ms
[80.565s][info][gc] GC(145) Pause Young (Normal) (G1 Evacuation Pause) 923M->686M(1035M) 7.319ms
[80.725s][info][gc] GC(146) Pause Young (Normal) (G1 Evacuation Pause) 923M->686M(1035M) 7.646ms
[80.879s][info][gc] GC(147) Pause Young (Normal) (G1 Evacuation Pause) 923M->687M(1035M) 6.792ms
[81.032s][info][gc] GC(148) Pause Young (Normal) (G1 Evacuation Pause) 924M->687M(1035M) 8.654ms
[81.233s][info][gc] GC(149) Pause Young (Normal) (G1 Evacuation Pause) 924M->687M(1035M) 8.620ms
[81.409s][info][gc] GC(150) Pause Young (Normal) (G1 Evacuation Pause) 924M->688M(1035M) 7.136ms
[81.565s][info][gc] GC(151) Pause Young (Normal) (G1 Evacuation Pause) 925M->688M(1035M) 4.720ms
[81.724s][info][gc] GC(152) Pause Young (Normal) (G1 Evacuation Pause) 925M->688M(1035M) 24.789ms
[81.855s][info][gc] GC(153) Pause Young (Normal) (G1 Evacuation Pause) 925M->688M(1035M) 8.545ms
[81.988s][info][gc] GC(154) Pause Young (Normal) (G1 Evacuation Pause) 925M->688M(1035M) 9.311ms
[82.115s][info][gc] GC(155) Pause Young (Normal) (G1 Evacuation Pause) 926M->688M(1035M) 8.428ms
[82.248s][info][gc] GC(156) Pause Young (Normal) (G1 Evacuation Pause) 926M->688M(1035M) 7.533ms
[82.419s][info][gc] GC(157) Pause Young (Normal) (G1 Evacuation Pause) 926M->688M(1035M) 15.849ms
[82.590s][info][gc] GC(158) Pause Young (Normal) (G1 Evacuation Pause) 925M->688M(1035M) 9.739ms
[82.770s][info][gc] GC(159) Pause Young (Normal) (G1 Evacuation Pause) 926M->688M(1035M) 8.421ms
[82.927s][info][gc] GC(160) Pause Young (Normal) (G1 Evacuation Pause) 926M->688M(1035M) 13.278ms
[83.091s][info][gc] GC(161) Pause Young (Normal) (G1 Evacuation Pause) 926M->688M(1035M) 7.777ms
[83.247s][info][gc] GC(162) Pause Young (Normal) (G1 Evacuation Pause) 925M->688M(1035M) 8.380ms
[83.413s][info][gc] GC(163) Pause Young (Normal) (G1 Evacuation Pause) 925M->689M(1035M) 10.199ms
[83.569s][info][gc] GC(164) Pause Young (Normal) (G1 Evacuation Pause) 926M->689M(1035M) 9.097ms
[83.703s][info][gc] GC(165) Pause Young (Normal) (G1 Evacuation Pause) 925M->689M(1035M) 8.816ms
[83.832s][info][gc] GC(166) Pause Young (Normal) (G1 Evacuation Pause) 925M->689M(1035M) 8.682ms
[83.977s][info][gc] GC(167) Pause Young (Normal) (G1 Evacuation Pause) 926M->689M(1035M) 9.322ms
[84.123s][info][gc] GC(168) Pause Young (Normal) (G1 Evacuation Pause) 926M->689M(1035M) 9.231ms
[84.272s][info][gc] GC(169) Pause Young (Normal) (G1 Evacuation Pause) 926M->689M(1035M) 8.724ms
[84.371s][info][gc] GC(170) Pause Young (Normal) (G1 Evacuation Pause) 925M->689M(1035M) 5.278ms
[84.487s][info][gc] GC(171) Pause Young (Normal) (G1 Evacuation Pause) 925M->689M(1035M) 7.123ms
[84.591s][info][gc] GC(172) Pause Young (Normal) (G1 Evacuation Pause) 925M->690M(1035M) 5.266ms
[84.669s][info][gc] GC(173) Pause Young (Normal) (G1 Evacuation Pause) 926M->690M(1035M) 3.891ms
[84.747s][info][gc] GC(174) Pause Young (Normal) (G1 Evacuation Pause) 926M->690M(1035M) 3.919ms
[84.844s][info][gc] GC(175) Pause Young (Normal) (G1 Evacuation Pause) 926M->690M(1035M) 5.587ms
[84.938s][info][gc] GC(176) Pause Young (Normal) (G1 Evacuation Pause) 926M->690M(1035M) 4.454ms
[85.030s][info][gc] GC(177) Pause Young (Normal) (G1 Evacuation Pause) 926M->690M(1035M) 4.759ms
[85.121s][info][gc] GC(178) Pause Young (Normal) (G1 Evacuation Pause) 926M->690M(1035M) 3.744ms
[85.200s][info][gc] GC(179) Pause Young (Normal) (G1 Evacuation Pause) 926M->690M(1035M) 4.632ms
[85.278s][info][gc] GC(180) Pause Young (Normal) (G1 Evacuation Pause) 926M->690M(1035M) 3.416ms
[85.353s][info][gc] GC(181) Pause Young (Normal) (G1 Evacuation Pause) 926M->690M(1035M) 4.533ms
[85.431s][info][gc] GC(182) Pause Young (Normal) (G1 Evacuation Pause) 926M->690M(1035M) 4.355ms
[85.525s][info][gc] GC(183) Pause Young (Normal) (G1 Evacuation Pause) 926M->690M(1035M) 3.448ms
[85.602s][info][gc] GC(184) Pause Young (Normal) (G1 Evacuation Pause) 926M->690M(1035M) 3.651ms
[85.675s][info][gc] GC(185) Pause Young (Normal) (G1 Evacuation Pause) 926M->690M(1035M) 3.556ms
[85.752s][info][gc] GC(186) Pause Young (Normal) (G1 Evacuation Pause) 926M->690M(1035M) 5.263ms
[85.824s][info][gc] GC(187) Pause Young (Normal) (G1 Evacuation Pause) 926M->690M(1035M) 4.294ms
[85.902s][info][gc] GC(188) Pause Young (Normal) (G1 Evacuation Pause) 926M->690M(1035M) 4.298ms
[85.979s][info][gc] GC(189) Pause Young (Normal) (G1 Evacuation Pause) 926M->690M(1035M) 3.462ms
[86.054s][info][gc] GC(190) Pause Young (Normal) (G1 Evacuation Pause) 926M->690M(1035M) 3.476ms
[86.130s][info][gc] GC(191) Pause Young (Normal) (G1 Evacuation Pause) 926M->690M(1035M) 3.269ms
[86.205s][info][gc] GC(192) Pause Young (Normal) (G1 Evacuation Pause) 926M->690M(1035M) 3.346ms
[86.284s][info][gc] GC(193) Pause Young (Normal) (G1 Evacuation Pause) 926M->690M(1035M) 3.485ms
[86.372s][info][gc] GC(194) Pause Young (Normal) (G1 Evacuation Pause) 927M->690M(1035M) 4.158ms
[86.453s][info][gc] GC(195) Pause Young (Normal) (G1 Evacuation Pause) 927M->690M(1035M) 4.099ms
[86.739s][info][gc] GC(196) Pause Young (Normal) (G1 Evacuation Pause) 927M->690M(1035M) 5.402ms
[87.456s][info][gc] GC(197) Pause Young (Normal) (G1 Evacuation Pause) 927M->690M(1035M) 5.832ms
[87.632s][info][gc] GC(198) Pause Young (Normal) (G1 Evacuation Pause) 926M->690M(1035M) 5.314ms
[87.679s][info][gc] GC(199) Pause Young (Normal) (G1 Evacuation Pause) 926M->690M(1035M) 5.474ms
[87.727s][info][gc] GC(200) Pause Young (Normal) (G1 Evacuation Pause) 926M->690M(1035M) 3.979ms
[87.778s][info][gc] GC(201) Pause Young (Normal) (G1 Evacuation Pause) 927M->690M(1035M) 5.454ms
[87.824s][info][gc] GC(202) Pause Young (Normal) (G1 Evacuation Pause) 927M->690M(1035M) 4.907ms
[87.870s][info][gc] GC(203) Pause Young (Normal) (G1 Evacuation Pause) 927M->690M(1035M) 4.869ms
[87.916s][info][gc] GC(204) Pause Young (Normal) (G1 Evacuation Pause) 927M->690M(1035M) 4.020ms
[87.962s][info][gc] GC(205) Pause Young (Normal) (G1 Evacuation Pause) 927M->690M(1035M) 4.686ms
[88.133s][info][gc] GC(206) Pause Young (Normal) (G1 Evacuation Pause) 927M->690M(1035M) 4.913ms
[88.291s][info][gc] GC(207) Pause Young (Normal) (G1 Evacuation Pause) 927M->691M(1035M) 5.093ms
[88.406s][info][gc] GC(208) Pause Young (Normal) (G1 Evacuation Pause) 927M->691M(1035M) 4.162ms
[88.455s][info][gc] GC(209) Pause Young (Normal) (G1 Evacuation Pause) 927M->691M(1035M) 4.768ms
[88.527s][info][gc] GC(210) Pause Young (Normal) (G1 Evacuation Pause) 927M->691M(1035M) 4.422ms
[88.608s][info][gc] GC(211) Pause Young (Normal) (G1 Evacuation Pause) 927M->692M(1035M) 4.609ms
[88.653s][info][gc] GC(212) Pause Young (Normal) (G1 Evacuation Pause) 926M->692M(1035M) 4.529ms
[88.701s][info][gc] GC(213) Pause Young (Normal) (G1 Evacuation Pause) 926M->692M(1035M) 5.518ms
[88.748s][info][gc] GC(214) Pause Young (Normal) (G1 Evacuation Pause) 926M->692M(1035M) 4.169ms
[88.791s][info][gc] GC(215) Pause Young (Normal) (G1 Evacuation Pause) 926M->692M(1035M) 4.318ms
[88.835s][info][gc] GC(216) Pause Young (Normal) (G1 Evacuation Pause) 926M->692M(1035M) 4.375ms
[88.879s][info][gc] GC(217) Pause Young (Normal) (G1 Evacuation Pause) 926M->692M(1035M) 4.745ms
[88.951s][info][gc] GC(218) Pause Young (Normal) (G1 Evacuation Pause) 926M->692M(1035M) 8.188ms
[89.004s][info][gc] GC(219) Pause Young (Normal) (G1 Evacuation Pause) 926M->692M(1035M) 5.619ms
[89.055s][info][gc] GC(220) Pause Young (Normal) (G1 Evacuation Pause) 928M->692M(1035M) 5.649ms
[89.130s][info][gc] GC(221) Pause Young (Normal) (G1 Evacuation Pause) 927M->692M(1117M) 5.212ms
[89.220s][info][gc] GC(222) Pause Young (Normal) (G1 Evacuation Pause) 960M->693M(1117M) 5.777ms
[89.279s][info][gc] GC(223) Pause Young (Normal) (G1 Evacuation Pause) 972M->693M(1117M) 5.430ms
[89.364s][info][gc] GC(224) Pause Young (Normal) (G1 Evacuation Pause) 979M->693M(1117M) 5.609ms
[89.462s][info][gc] GC(225) Pause Young (Normal) (G1 Evacuation Pause) 983M->694M(1160M) 6.185ms
[89.571s][info][gc] GC(226) Pause Young (Normal) (G1 Evacuation Pause) 1032M->694M(1160M) 5.390ms
[89.693s][info][gc] GC(227) Pause Young (Normal) (G1 Evacuation Pause) 1032M->694M(1160M) 4.460ms
[89.807s][info][gc] GC(228) Pause Young (Normal) (G1 Evacuation Pause) 1033M->694M(1160M) 4.413ms
[89.918s][info][gc] GC(229) Pause Young (Normal) (G1 Evacuation Pause) 1033M->694M(1160M) 4.322ms
[90.034s][info][gc] GC(230) Pause Young (Normal) (G1 Evacuation Pause) 1034M->694M(1160M) 4.357ms
[90.163s][info][gc] GC(231) Pause Young (Normal) (G1 Evacuation Pause) 1034M->694M(1160M) 4.353ms
[90.296s][info][gc] GC(232) Pause Young (Normal) (G1 Evacuation Pause) 1034M->695M(1160M) 5.254ms
[90.435s][info][gc] GC(233) Pause Young (Normal) (G1 Evacuation Pause) 1036M->694M(1160M) 20.492ms
[90.584s][info][gc] GC(234) Pause Young (Normal) (G1 Evacuation Pause) 1037M->695M(1160M) 6.830ms
[90.728s][info][gc] GC(235) Pause Young (Normal) (G1 Evacuation Pause) 1038M->695M(1160M) 4.829ms
[90.848s][info][gc] GC(236) Pause Young (Normal) (G1 Evacuation Pause) 1038M->695M(1160M) 4.805ms
[90.961s][info][gc] GC(237) Pause Young (Normal) (G1 Evacuation Pause) 1037M->695M(1160M) 5.622ms
[91.068s][info][gc] GC(238) Pause Young (Normal) (G1 Evacuation Pause) 1038M->695M(1160M) 5.393ms
[91.176s][info][gc] GC(239) Pause Young (Normal) (G1 Evacuation Pause) 1038M->695M(1160M) 4.659ms
[91.284s][info][gc] GC(240) Pause Young (Normal) (G1 Evacuation Pause) 1038M->695M(1160M) 4.333ms
[91.407s][info][gc] GC(241) Pause Young (Normal) (G1 Evacuation Pause) 1038M->695M(1160M) 3.795ms
[91.528s][info][gc] GC(242) Pause Young (Normal) (G1 Evacuation Pause) 1039M->695M(1160M) 4.762ms
[91.622s][info][gc] GC(243) Pause Young (Normal) (G1 Evacuation Pause) 1038M->695M(1160M) 4.346ms
[91.737s][info][gc] GC(244) Pause Young (Normal) (G1 Evacuation Pause) 1038M->695M(1160M) 3.944ms
[91.869s][info][gc] GC(245) Pause Young (Normal) (G1 Evacuation Pause) 1039M->695M(1160M) 4.198ms
[91.965s][info][gc] GC(246) Pause Young (Normal) (G1 Evacuation Pause) 1039M->695M(1160M) 5.884ms
[92.060s][info][gc] GC(247) Pause Young (Normal) (G1 Evacuation Pause) 1039M->695M(1160M) 5.966ms
[92.147s][info][gc] GC(248) Pause Young (Normal) (G1 Evacuation Pause) 1039M->696M(1160M) 6.160ms
[92.245s][info][gc] GC(249) Pause Young (Normal) (G1 Evacuation Pause) 1040M->696M(1160M) 5.524ms
[92.332s][info][gc] GC(250) Pause Young (Normal) (G1 Evacuation Pause) 1040M->696M(1160M) 5.703ms
[92.438s][info][gc] GC(251) Pause Young (Normal) (G1 Evacuation Pause) 1040M->695M(1160M) 5.425ms
[92.556s][info][gc] GC(252) Pause Young (Normal) (G1 Evacuation Pause) 1039M->696M(1160M) 5.662ms
[92.656s][info][gc] GC(253) Pause Young (Normal) (G1 Evacuation Pause) 1040M->697M(1160M) 6.321ms
[92.761s][info][gc] GC(254) Pause Young (Normal) (G1 Evacuation Pause) 1040M->699M(1160M) 6.247ms
[92.889s][info][gc] GC(255) Pause Young (Normal) (G1 Evacuation Pause) 1038M->704M(1160M) 5.928ms
[92.977s][info][gc] GC(256) Pause Young (Normal) (G1 Evacuation Pause) 1031M->698M(1160M) 7.538ms
[93.061s][info][gc] GC(257) Pause Young (Normal) (G1 Evacuation Pause) 1035M->698M(1160M) 5.378ms
[93.146s][info][gc] GC(258) Pause Young (Normal) (G1 Evacuation Pause) 1036M->698M(1160M) 5.321ms
[93.218s][info][gc] GC(259) Pause Young (Normal) (G1 Evacuation Pause) 1037M->698M(1160M) 5.434ms
[93.295s][info][gc] GC(260) Pause Young (Normal) (G1 Evacuation Pause) 1037M->698M(1160M) 5.477ms
[93.362s][info][gc] GC(261) Pause Young (Normal) (G1 Evacuation Pause) 1038M->697M(1160M) 5.810ms
[93.454s][info][gc] GC(262) Pause Young (Normal) (G1 Evacuation Pause) 1038M->698M(1160M) 5.371ms
[93.553s][info][gc] GC(263) Pause Young (Normal) (G1 Evacuation Pause) 1039M->698M(1160M) 6.976ms
[93.630s][info][gc] GC(264) Pause Young (Normal) (G1 Evacuation Pause) 1038M->698M(1160M) 7.720ms
[93.737s][info][gc] GC(265) Pause Young (Normal) (G1 Evacuation Pause) 1039M->699M(1160M) 6.810ms
[94.599s][info][gc] GC(266) Pause Young (Normal) (G1 Evacuation Pause) 1039M->704M(1160M) 24.032ms
[INFO] Invocation start successful for MBean OpenNMS:Name=KarafStartupMonitor
[INFO] Invoking start on object OpenNMS:Name=Telemetryd
[97.651s][info][gc] GC(267) Pause Young (Normal) (G1 Evacuation Pause) 1032M->711M(1160M) 31.802ms
[101.843s][info][gc] GC(268) Pause Young (Normal) (G1 Evacuation Pause) 1027M->712M(1160M) 15.760ms
[104.953s][info][gc] GC(269) Pause Young (Normal) (G1 Evacuation Pause) 1027M->712M(1160M) 14.859ms
[INFO] Invocation start successful for MBean OpenNMS:Name=Telemetryd
[INFO] Invoking start on object OpenNMS:Name=Trapd
[111.062s][info][gc] GC(270) Pause Young (Normal) (G1 Evacuation Pause) 1027M->716M(1160M) 26.474ms
[INFO] Invocation start successful for MBean OpenNMS:Name=Trapd
[INFO] Invoking start on object OpenNMS:Name=PerspectivePoller
[INFO] Invocation start successful for MBean OpenNMS:Name=PerspectivePoller
[164.899s][info][gc] GC(271) Pause Young (Normal) (G1 Evacuation Pause) 1023M->727M(1160M) 21.476ms
[165.246s][info][gc] GC(272) Pause Young (Normal) (G1 Evacuation Pause) 1012M->728M(1160M) 23.262ms
[165.588s][info][gc] GC(273) Pause Young (Normal) (G1 Evacuation Pause) 1023M->728M(1160M) 9.688ms
[165.921s][info][gc] GC(274) Pause Young (Normal) (G1 Evacuation Pause) 1025M->727M(1160M) 9.960ms
[166.236s][info][gc] GC(275) Pause Young (Normal) (G1 Evacuation Pause) 1026M->728M(1160M) 10.473ms
[166.578s][info][gc] GC(276) Pause Young (Normal) (G1 Evacuation Pause) 1025M->729M(1160M) 10.647ms
[166.890s][info][gc] GC(277) Pause Young (Normal) (G1 Evacuation Pause) 1024M->729M(1160M) 10.237ms
[167.244s][info][gc] GC(278) Pause Young (Normal) (G1 Evacuation Pause) 1024M->748M(1160M) 19.404ms
[167.622s][info][gc] GC(279) Pause Young (Normal) (G1 Evacuation Pause) 1005M->814M(1160M) 62.877ms
[167.912s][info][gc] GC(280) Pause Young (Normal) (G1 Evacuation Pause) 943M->820M(1160M) 22.230ms
[168.674s][info][gc] GC(281) Pause Young (Normal) (G1 Evacuation Pause) 952M->814M(1160M) 4.996ms
org.ops4j.pax.logging.pax-logging-api [log4j2] INFO : Log4J2 configured using configuration from passed properties
[275.435s][info][gc] GC(282) Pause Young (Normal) (G1 Evacuation Pause) 960M->816M(1160M) 9.590ms
[381.375s][info][gc] GC(283) Pause Young (Normal) (G1 Evacuation Pause) 970M->817M(1160M) 9.101ms
[381.928s][info][gc] GC(284) Pause Young (Normal) (G1 Evacuation Pause) 979M->819M(1160M) 13.216ms
[393.937s][info][gc] GC(285) Pause Young (Normal) (G1 Evacuation Pause) 986M->827M(1160M) 11.974ms
[393.995s][info][gc] GC(286) Pause Young (Normal) (G1 Evacuation Pause) 992M->828M(1160M) 11.692ms
[394.053s][info][gc] GC(287) Pause Young (Normal) (G1 Evacuation Pause) 1000M->827M(1160M) 10.295ms
[394.118s][info][gc] GC(288) Pause Young (Normal) (G1 Evacuation Pause) 1006M->827M(1160M) 10.126ms
[394.178s][info][gc] GC(289) Pause Young (Normal) (G1 Evacuation Pause) 1011M->827M(1160M) 8.964ms
[394.239s][info][gc] GC(290) Pause Young (Normal) (G1 Evacuation Pause) 1016M->827M(1160M) 7.794ms
[394.305s][info][gc] GC(291) Pause Young (Normal) (G1 Evacuation Pause) 1020M->827M(1160M) 9.290ms
[394.364s][info][gc] GC(292) Pause Young (Normal) (G1 Evacuation Pause) 1023M->827M(1160M) 8.100ms
[394.417s][info][gc] GC(293) Pause Young (Normal) (G1 Evacuation Pause) 1025M->827M(1160M) 8.010ms
[394.470s][info][gc] GC(294) Pause Young (Normal) (G1 Evacuation Pause) 1027M->827M(1160M) 8.682ms
[394.525s][info][gc] GC(295) Pause Young (Normal) (G1 Evacuation Pause) 1028M->828M(1160M) 8.763ms
[394.579s][info][gc] GC(296) Pause Young (Normal) (G1 Evacuation Pause) 1030M->827M(1160M) 8.021ms
[394.633s][info][gc] GC(297) Pause Young (Normal) (G1 Evacuation Pause) 1031M->827M(1160M) 8.111ms
[394.688s][info][gc] GC(298) Pause Young (Normal) (G1 Evacuation Pause) 1031M->828M(1160M) 8.184ms
[394.744s][info][gc] GC(299) Pause Young (Normal) (G1 Evacuation Pause) 1031M->827M(1306M) 8.932ms
[394.834s][info][gc] GC(300) Pause Young (Normal) (G1 Evacuation Pause) 1122M->827M(1306M) 7.899ms
[394.906s][info][gc] GC(301) Pause Young (Normal) (G1 Evacuation Pause) 1129M->827M(1306M) 4.033ms
[394.981s][info][gc] GC(302) Pause Young (Normal) (G1 Evacuation Pause) 1134M->827M(1306M) 4.113ms
[395.057s][info][gc] GC(303) Pause Young (Normal) (G1 Evacuation Pause) 1140M->827M(1306M) 3.992ms
[395.133s][info][gc] GC(304) Pause Young (Normal) (G1 Evacuation Pause) 1146M->827M(1306M) 3.488ms
[395.208s][info][gc] GC(305) Pause Young (Normal) (G1 Evacuation Pause) 1148M->827M(1306M) 3.342ms
[395.284s][info][gc] GC(306) Pause Young (Normal) (G1 Evacuation Pause) 1150M->827M(1306M) 3.480ms
[395.360s][info][gc] GC(307) Pause Young (Normal) (G1 Evacuation Pause) 1152M->827M(1306M) 3.471ms
[395.457s][info][gc] GC(308) Pause Young (Normal) (G1 Evacuation Pause) 1154M->827M(1306M) 5.133ms
[395.556s][info][gc] GC(309) Pause Young (Normal) (G1 Evacuation Pause) 1156M->827M(1306M) 5.028ms
[395.663s][info][gc] GC(310) Pause Young (Normal) (G1 Evacuation Pause) 1158M->827M(1306M) 3.564ms
[395.785s][info][gc] GC(311) Pause Young (Normal) (G1 Evacuation Pause) 1159M->827M(1306M) 5.237ms
[395.899s][info][gc] GC(312) Pause Young (Normal) (G1 Evacuation Pause) 1161M->827M(1306M) 5.269ms
[396.014s][info][gc] GC(313) Pause Young (Normal) (G1 Evacuation Pause) 1162M->827M(1306M) 5.059ms
[396.123s][info][gc] GC(314) Pause Young (Normal) (G1 Evacuation Pause) 1163M->827M(1306M) 4.345ms
[396.226s][info][gc] GC(315) Pause Young (Normal) (G1 Evacuation Pause) 1164M->827M(1306M) 3.442ms
[396.328s][info][gc] GC(316) Pause Young (Normal) (G1 Evacuation Pause) 1165M->827M(1306M) 3.788ms
[396.379s][info][gc] GC(317) Pause Young (Normal) (G1 Evacuation Pause) 1166M->827M(1306M) 4.263ms
[396.430s][info][gc] GC(318) Pause Young (Normal) (G1 Evacuation Pause) 1166M->827M(1306M) 4.249ms
[396.495s][info][gc] GC(319) Pause Young (Normal) (G1 Evacuation Pause) 1167M->827M(1306M) 4.345ms
[396.583s][info][gc] GC(320) Pause Young (Normal) (G1 Evacuation Pause) 1167M->827M(1306M) 4.321ms
[396.673s][info][gc] GC(321) Pause Young (Normal) (G1 Evacuation Pause) 1167M->828M(1306M) 3.842ms
[396.725s][info][gc] GC(322) Pause Young (Normal) (G1 Evacuation Pause) 1168M->828M(1306M) 4.598ms
[396.776s][info][gc] GC(323) Pause Young (Normal) (G1 Evacuation Pause) 1169M->828M(1306M) 4.636ms
[396.832s][info][gc] GC(324) Pause Young (Normal) (G1 Evacuation Pause) 1169M->827M(1306M) 4.697ms
[396.911s][info][gc] GC(325) Pause Young (Normal) (G1 Evacuation Pause) 1168M->828M(1306M) 3.719ms
[396.996s][info][gc] GC(326) Pause Young (Normal) (G1 Evacuation Pause) 1169M->829M(1306M) 4.627ms
[397.068s][info][gc] GC(327) Pause Young (Normal) (G1 Evacuation Pause) 1170M->829M(1306M) 4.702ms
[397.140s][info][gc] GC(328) Pause Young (Normal) (G1 Evacuation Pause) 1170M->829M(1306M) 3.900ms
[397.210s][info][gc] GC(329) Pause Young (Normal) (G1 Evacuation Pause) 1169M->829M(1306M) 4.011ms
[397.280s][info][gc] GC(330) Pause Young (Normal) (G1 Evacuation Pause) 1169M->829M(1306M) 3.939ms
[397.354s][info][gc] GC(331) Pause Young (Normal) (G1 Evacuation Pause) 1169M->829M(1306M) 3.862ms
[397.425s][info][gc] GC(332) Pause Young (Normal) (G1 Evacuation Pause) 1169M->829M(1306M) 4.116ms
[397.497s][info][gc] GC(333) Pause Young (Normal) (G1 Evacuation Pause) 1169M->829M(1306M) 4.954ms
[397.567s][info][gc] GC(334) Pause Young (Normal) (G1 Evacuation Pause) 1169M->829M(1306M) 4.105ms
[397.638s][info][gc] GC(335) Pause Young (Normal) (G1 Evacuation Pause) 1169M->829M(1306M) 4.247ms
[397.746s][info][gc] GC(336) Pause Young (Normal) (G1 Evacuation Pause) 1169M->829M(1306M) 3.770ms
[397.801s][info][gc] GC(337) Pause Young (Normal) (G1 Evacuation Pause) 1170M->829M(1306M) 4.167ms
[397.856s][info][gc] GC(338) Pause Young (Normal) (G1 Evacuation Pause) 1170M->829M(1306M) 4.362ms
[397.921s][info][gc] GC(339) Pause Young (Normal) (G1 Evacuation Pause) 1171M->828M(1306M) 3.951ms
[398.002s][info][gc] GC(340) Pause Young (Normal) (G1 Evacuation Pause) 1170M->829M(1306M) 3.612ms
[398.086s][info][gc] GC(341) Pause Young (Normal) (G1 Evacuation Pause) 1170M->829M(1306M) 3.723ms
[398.138s][info][gc] GC(342) Pause Young (Normal) (G1 Evacuation Pause) 1170M->829M(1306M) 3.914ms
[398.193s][info][gc] GC(343) Pause Young (Normal) (G1 Evacuation Pause) 1170M->829M(1306M) 3.878ms
[398.252s][info][gc] GC(344) Pause Young (Normal) (G1 Evacuation Pause) 1170M->829M(1306M) 3.685ms
[398.333s][info][gc] GC(345) Pause Young (Normal) (G1 Evacuation Pause) 1171M->830M(1306M) 3.890ms
[412.027s][info][gc] GC(346) Pause Young (Normal) (G1 Evacuation Pause) 1171M->830M(1306M) 14.276ms
[672.034s][info][gc] GC(347) Pause Young (Normal) (G1 Evacuation Pause) 1171M->831M(1306M) 18.181ms
[698.549s][info][gc] GC(348) Pause Young (Normal) (G1 Evacuation Pause) 1169M->843M(1306M) 14.215ms
[698.648s][info][gc] GC(349) Pause Young (Normal) (G1 Evacuation Pause) 1159M->841M(1306M) 8.629ms
[698.738s][info][gc] GC(350) Pause Young (Normal) (G1 Evacuation Pause) 1161M->841M(1306M) 8.624ms
[698.822s][info][gc] GC(351) Pause Young (Normal) (G1 Evacuation Pause) 1159M->841M(1306M) 8.265ms
[698.907s][info][gc] GC(352) Pause Young (Normal) (G1 Evacuation Pause) 1159M->842M(1306M) 8.797ms
[698.990s][info][gc] GC(353) Pause Young (Normal) (G1 Evacuation Pause) 1160M->842M(1306M) 9.138ms
[699.076s][info][gc] GC(354) Pause Young (Normal) (G1 Evacuation Pause) 1160M->841M(1306M) 8.466ms
[699.162s][info][gc] GC(355) Pause Young (Normal) (G1 Evacuation Pause) 1159M->842M(1306M) 8.369ms
[699.246s][info][gc] GC(356) Pause Young (Normal) (G1 Evacuation Pause) 1161M->841M(1306M) 9.019ms
[699.344s][info][gc] GC(357) Pause Young (Normal) (G1 Evacuation Pause) 1160M->841M(1306M) 8.809ms
[699.438s][info][gc] GC(358) Pause Young (Normal) (G1 Evacuation Pause) 1160M->841M(1306M) 8.159ms
[699.521s][info][gc] GC(359) Pause Young (Normal) (G1 Evacuation Pause) 1160M->842M(1306M) 8.041ms
[699.608s][info][gc] GC(360) Pause Young (Normal) (G1 Evacuation Pause) 1161M->842M(1306M) 8.827ms
[699.690s][info][gc] GC(361) Pause Young (Normal) (G1 Evacuation Pause) 1161M->842M(1306M) 8.350ms
[699.772s][info][gc] GC(362) Pause Young (Normal) (G1 Evacuation Pause) 1160M->842M(1339M) 8.603ms
[699.861s][info][gc] GC(363) Pause Young (Normal) (G1 Evacuation Pause) 1192M->842M(1339M) 7.867ms
[699.949s][info][gc] GC(364) Pause Young (Normal) (G1 Evacuation Pause) 1194M->841M(1339M) 3.418ms
[700.037s][info][gc] GC(365) Pause Young (Normal) (G1 Evacuation Pause) 1194M->841M(1339M) 3.464ms
[700.136s][info][gc] GC(366) Pause Young (Normal) (G1 Evacuation Pause) 1198M->841M(1339M) 3.481ms
[700.229s][info][gc] GC(367) Pause Young (Normal) (G1 Evacuation Pause) 1197M->841M(1339M) 4.111ms
[700.318s][info][gc] GC(368) Pause Young (Normal) (G1 Evacuation Pause) 1197M->841M(1339M) 4.168ms
[700.409s][info][gc] GC(369) Pause Young (Normal) (G1 Evacuation Pause) 1197M->841M(1339M) 4.294ms
[700.501s][info][gc] GC(370) Pause Young (Normal) (G1 Evacuation Pause) 1198M->841M(1339M) 3.403ms
[700.596s][info][gc] GC(371) Pause Young (Normal) (G1 Evacuation Pause) 1198M->841M(1339M) 3.873ms
[700.736s][info][gc] GC(372) Pause Young (Normal) (G1 Evacuation Pause) 1199M->841M(1339M) 3.994ms
[700.790s][info][gc] GC(373) Pause Young (Normal) (G1 Evacuation Pause) 1199M->841M(1339M) 3.654ms
[700.845s][info][gc] GC(374) Pause Young (Normal) (G1 Evacuation Pause) 1199M->841M(1339M) 4.188ms
[700.910s][info][gc] GC(375) Pause Young (Normal) (G1 Evacuation Pause) 1199M->841M(1339M) 3.438ms
[700.991s][info][gc] GC(376) Pause Young (Normal) (G1 Evacuation Pause) 1200M->841M(1339M) 3.493ms
[701.074s][info][gc] GC(377) Pause Young (Normal) (G1 Evacuation Pause) 1201M->842M(1339M) 3.564ms
[701.128s][info][gc] GC(378) Pause Young (Normal) (G1 Evacuation Pause) 1201M->842M(1339M) 4.072ms
[701.181s][info][gc] GC(379) Pause Young (Normal) (G1 Evacuation Pause) 1201M->842M(1339M) 3.560ms
[701.258s][info][gc] GC(380) Pause Young (Normal) (G1 Evacuation Pause) 1201M->842M(1339M) 3.595ms
[701.325s][info][gc] GC(381) Pause Young (Normal) (G1 Evacuation Pause) 1201M->842M(1339M) 3.658ms
[701.423s][info][gc] GC(382) Pause Young (Normal) (G1 Evacuation Pause) 1201M->843M(1339M) 3.845ms
[701.498s][info][gc] GC(383) Pause Young (Normal) (G1 Evacuation Pause) 1201M->843M(1339M) 3.998ms
[701.575s][info][gc] GC(384) Pause Young (Normal) (G1 Evacuation Pause) 1201M->843M(1339M) 4.486ms
[701.650s][info][gc] GC(385) Pause Young (Normal) (G1 Evacuation Pause) 1201M->843M(1339M) 3.861ms
[701.725s][info][gc] GC(386) Pause Young (Normal) (G1 Evacuation Pause) 1200M->843M(1339M) 3.844ms
[701.801s][info][gc] GC(387) Pause Young (Normal) (G1 Evacuation Pause) 1200M->843M(1339M) 4.062ms
[701.877s][info][gc] GC(388) Pause Young (Normal) (G1 Evacuation Pause) 1200M->843M(1339M) 4.166ms
[701.953s][info][gc] GC(389) Pause Young (Normal) (G1 Evacuation Pause) 1200M->843M(1339M) 4.012ms
[702.031s][info][gc] GC(390) Pause Young (Normal) (G1 Evacuation Pause) 1200M->843M(1339M) 5.177ms
[702.135s][info][gc] GC(391) Pause Young (Normal) (G1 Evacuation Pause) 1200M->842M(1339M) 4.411ms
[702.192s][info][gc] GC(392) Pause Young (Normal) (G1 Evacuation Pause) 1200M->843M(1339M) 3.680ms
[702.249s][info][gc] GC(393) Pause Young (Normal) (G1 Evacuation Pause) 1201M->843M(1339M) 3.530ms
[702.313s][info][gc] GC(394) Pause Young (Normal) (G1 Evacuation Pause) 1201M->842M(1339M) 3.797ms
[702.404s][info][gc] GC(395) Pause Young (Normal) (G1 Evacuation Pause) 1201M->843M(1339M) 4.655ms
[702.491s][info][gc] GC(396) Pause Young (Normal) (G1 Evacuation Pause) 1201M->843M(1339M) 3.784ms
[702.547s][info][gc] GC(397) Pause Young (Normal) (G1 Evacuation Pause) 1200M->843M(1339M) 4.302ms
[702.602s][info][gc] GC(398) Pause Young (Normal) (G1 Evacuation Pause) 1200M->843M(1339M) 3.554ms
[702.664s][info][gc] GC(399) Pause Young (Normal) (G1 Evacuation Pause) 1200M->843M(1339M) 4.022ms
[702.745s][info][gc] GC(400) Pause Young (Normal) (G1 Evacuation Pause) 1201M->844M(1339M) 3.693ms
[775.384s][info][gc] GC(401) Pause Young (Normal) (G1 Evacuation Pause) 1201M->844M(1339M) 8.301ms
[981.464s][info][gc] GC(402) Pause Young (Normal) (G1 Evacuation Pause) 1200M->847M(1339M) 7.218ms
[1002.998s][info][gc] GC(403) Pause Young (Normal) (G1 Evacuation Pause) 1199M->855M(1339M) 9.962ms
[1003.088s][info][gc] GC(404) Pause Young (Normal) (G1 Evacuation Pause) 1188M->855M(1339M) 8.500ms
[1003.180s][info][gc] GC(405) Pause Young (Normal) (G1 Evacuation Pause) 1191M->855M(1339M) 8.828ms
[1003.277s][info][gc] GC(406) Pause Young (Normal) (G1 Evacuation Pause) 1189M->855M(1339M) 9.347ms
[1003.367s][info][gc] GC(407) Pause Young (Normal) (G1 Evacuation Pause) 1189M->856M(1339M) 9.346ms
[1003.461s][info][gc] GC(408) Pause Young (Normal) (G1 Evacuation Pause) 1190M->856M(1339M) 8.826ms
[1003.550s][info][gc] GC(409) Pause Young (Normal) (G1 Evacuation Pause) 1190M->856M(1339M) 8.927ms
[1003.646s][info][gc] GC(410) Pause Young (Normal) (G1 Evacuation Pause) 1188M->855M(1339M) 9.014ms
[1003.734s][info][gc] GC(411) Pause Young (Normal) (G1 Evacuation Pause) 1191M->856M(1339M) 8.440ms
[1003.816s][info][gc] GC(412) Pause Young (Normal) (G1 Evacuation Pause) 1191M->855M(1339M) 8.560ms
[1003.918s][info][gc] GC(413) Pause Young (Normal) (G1 Evacuation Pause) 1190M->855M(1339M) 10.360ms
[1004.008s][info][gc] GC(414) Pause Young (Normal) (G1 Evacuation Pause) 1190M->855M(1339M) 8.557ms
[1004.106s][info][gc] GC(415) Pause Young (Normal) (G1 Evacuation Pause) 1190M->855M(1339M) 9.646ms
[1004.206s][info][gc] GC(416) Pause Young (Normal) (G1 Evacuation Pause) 1190M->856M(1339M) 8.610ms
[1004.303s][info][gc] GC(417) Pause Young (Normal) (G1 Evacuation Pause) 1191M->856M(1379M) 8.542ms
[1004.400s][info][gc] GC(418) Pause Young (Normal) (G1 Evacuation Pause) 1227M->856M(1379M) 8.347ms
[1004.500s][info][gc] GC(419) Pause Young (Normal) (G1 Evacuation Pause) 1230M->855M(1379M) 4.338ms
[1004.599s][info][gc] GC(420) Pause Young (Normal) (G1 Evacuation Pause) 1229M->855M(1379M) 4.157ms
[1004.690s][info][gc] GC(421) Pause Young (Normal) (G1 Evacuation Pause) 1230M->855M(1379M) 4.223ms
[1004.782s][info][gc] GC(422) Pause Young (Normal) (G1 Evacuation Pause) 1231M->855M(1379M) 3.651ms
[1004.885s][info][gc] GC(423) Pause Young (Normal) (G1 Evacuation Pause) 1231M->855M(1379M) 3.667ms
[1004.992s][info][gc] GC(424) Pause Young (Normal) (G1 Evacuation Pause) 1232M->855M(1379M) 3.554ms
[1005.107s][info][gc] GC(425) Pause Young (Normal) (G1 Evacuation Pause) 1233M->855M(1379M) 3.480ms
[1005.237s][info][gc] GC(426) Pause Young (Normal) (G1 Evacuation Pause) 1234M->855M(1379M) 3.644ms
[1005.297s][info][gc] GC(427) Pause Young (Normal) (G1 Evacuation Pause) 1234M->855M(1379M) 3.520ms
[1005.361s][info][gc] GC(428) Pause Young (Normal) (G1 Evacuation Pause) 1234M->855M(1379M) 3.610ms
[1005.449s][info][gc] GC(429) Pause Young (Normal) (G1 Evacuation Pause) 1234M->855M(1379M) 3.575ms
[1005.527s][info][gc] GC(430) Pause Young (Normal) (G1 Evacuation Pause) 1235M->855M(1379M) 4.228ms
[1005.608s][info][gc] GC(431) Pause Young (Normal) (G1 Evacuation Pause) 1234M->856M(1379M) 5.062ms
[1005.677s][info][gc] GC(432) Pause Young (Normal) (G1 Evacuation Pause) 1235M->856M(1379M) 6.346ms
[1005.748s][info][gc] GC(433) Pause Young (Normal) (G1 Evacuation Pause) 1235M->855M(1379M) 4.453ms
[1005.838s][info][gc] GC(434) Pause Young (Normal) (G1 Evacuation Pause) 1234M->856M(1379M) 3.906ms
[1005.967s][info][gc] GC(435) Pause Young (Normal) (G1 Evacuation Pause) 1236M->857M(1379M) 7.416ms
[1006.111s][info][gc] GC(436) Pause Young (Normal) (G1 Evacuation Pause) 1236M->857M(1379M) 5.369ms
[1006.234s][info][gc] GC(437) Pause Young (Normal) (G1 Evacuation Pause) 1236M->857M(1379M) 4.962ms
[1006.351s][info][gc] GC(438) Pause Young (Normal) (G1 Evacuation Pause) 1236M->857M(1379M) 5.094ms
[1006.473s][info][gc] GC(439) Pause Young (Normal) (G1 Evacuation Pause) 1236M->857M(1379M) 5.435ms
[1006.618s][info][gc] GC(440) Pause Young (Normal) (G1 Evacuation Pause) 1236M->857M(1379M) 5.329ms
[1006.705s][info][gc] GC(441) Pause Young (Normal) (G1 Evacuation Pause) 1236M->857M(1379M) 3.981ms
[1006.786s][info][gc] GC(442) Pause Young (Normal) (G1 Evacuation Pause) 1236M->857M(1379M) 3.967ms
[1006.893s][info][gc] GC(443) Pause Young (Normal) (G1 Evacuation Pause) 1236M->857M(1379M) 4.983ms
[1006.990s][info][gc] GC(444) Pause Young (Normal) (G1 Evacuation Pause) 1236M->857M(1379M) 4.176ms
[1007.055s][info][gc] GC(445) Pause Young (Normal) (G1 Evacuation Pause) 1236M->857M(1379M) 4.707ms
[1007.136s][info][gc] GC(446) Pause Young (Normal) (G1 Evacuation Pause) 1236M->856M(1379M) 6.735ms
[1007.228s][info][gc] GC(447) Pause Young (Normal) (G1 Evacuation Pause) 1235M->856M(1379M) 3.646ms
[1007.306s][info][gc] GC(448) Pause Young (Normal) (G1 Evacuation Pause) 1235M->857M(1379M) 4.376ms
[1007.381s][info][gc] GC(449) Pause Young (Normal) (G1 Evacuation Pause) 1236M->857M(1379M) 4.183ms
[1007.449s][info][gc] GC(450) Pause Young (Normal) (G1 Evacuation Pause) 1236M->857M(1379M) 3.983ms
[1007.519s][info][gc] GC(451) Pause Young (Normal) (G1 Evacuation Pause) 1236M->857M(1379M) 4.272ms
[1007.604s][info][gc] GC(452) Pause Young (Normal) (G1 Evacuation Pause) 1236M->857M(1379M) 3.741ms
[1115.529s][info][gc] GC(453) Pause Young (Normal) (G1 Evacuation Pause) 1235M->858M(1379M) 5.445ms
[1281.137s][info][gc] GC(454) Pause Young (Normal) (G1 Evacuation Pause) 1236M->861M(1379M) 6.100ms
[1307.927s][info][gc] GC(455) Pause Young (Normal) (G1 Evacuation Pause) 1233M->869M(1379M) 10.805ms
[1308.037s][info][gc] GC(456) Pause Young (Normal) (G1 Evacuation Pause) 1225M->869M(1379M) 10.634ms
[1308.151s][info][gc] GC(457) Pause Young (Normal) (G1 Evacuation Pause) 1227M->869M(1379M) 9.027ms
[1308.263s][info][gc] GC(458) Pause Young (Normal) (G1 Evacuation Pause) 1227M->869M(1379M) 9.933ms
[1308.403s][info][gc] GC(459) Pause Young (Normal) (G1 Evacuation Pause) 1225M->869M(1379M) 15.634ms
[1308.528s][info][gc] GC(460) Pause Young (Normal) (G1 Evacuation Pause) 1225M->870M(1379M) 10.033ms
[1308.623s][info][gc] GC(461) Pause Young (Normal) (G1 Evacuation Pause) 1226M->870M(1379M) 11.250ms
[1308.724s][info][gc] GC(462) Pause Young (Normal) (G1 Evacuation Pause) 1226M->869M(1379M) 12.554ms
[1308.888s][info][gc] GC(463) Pause Young (Normal) (G1 Evacuation Pause) 1227M->869M(1379M) 12.512ms
[1308.985s][info][gc] GC(464) Pause Young (Normal) (G1 Evacuation Pause) 1227M->869M(1379M) 8.329ms
[1309.075s][info][gc] GC(465) Pause Young (Normal) (G1 Evacuation Pause) 1226M->869M(1379M) 8.379ms
[1309.170s][info][gc] GC(466) Pause Young (Normal) (G1 Evacuation Pause) 1226M->869M(1379M) 8.507ms
[1309.260s][info][gc] GC(467) Pause Young (Normal) (G1 Evacuation Pause) 1226M->870M(1379M) 8.603ms
[1309.352s][info][gc] GC(468) Pause Young (Normal) (G1 Evacuation Pause) 1227M->869M(1379M) 9.995ms
[1309.502s][info][gc] GC(469) Pause Young (Normal) (G1 Evacuation Pause) 1228M->869M(1379M) 11.928ms
[1309.631s][info][gc] GC(470) Pause Young (Normal) (G1 Evacuation Pause) 1229M->870M(1379M) 8.587ms
[1309.765s][info][gc] GC(471) Pause Young (Normal) (G1 Evacuation Pause) 1234M->869M(1379M) 5.894ms
[1309.880s][info][gc] GC(472) Pause Young (Normal) (G1 Evacuation Pause) 1234M->869M(1379M) 5.178ms
[1309.983s][info][gc] GC(473) Pause Young (Normal) (G1 Evacuation Pause) 1234M->869M(1379M) 4.530ms
[1310.077s][info][gc] GC(474) Pause Young (Normal) (G1 Evacuation Pause) 1235M->869M(1379M) 3.611ms
[1310.171s][info][gc] GC(475) Pause Young (Normal) (G1 Evacuation Pause) 1235M->869M(1379M) 3.571ms
[1310.291s][info][gc] GC(476) Pause Young (Normal) (G1 Evacuation Pause) 1234M->869M(1379M) 3.993ms
[1310.418s][info][gc] GC(477) Pause Young (Normal) (G1 Evacuation Pause) 1235M->869M(1379M) 3.465ms
[1310.476s][info][gc] GC(478) Pause Young (Normal) (G1 Evacuation Pause) 1235M->869M(1379M) 4.628ms
[1310.557s][info][gc] GC(479) Pause Young (Normal) (G1 Evacuation Pause) 1235M->869M(1379M) 4.783ms
[1310.712s][info][gc] GC(480) Pause Young (Normal) (G1 Evacuation Pause) 1235M->869M(1379M) 8.716ms
[1310.902s][info][gc] GC(481) Pause Young (Normal) (G1 Evacuation Pause) 1235M->869M(1379M) 9.708ms
[1311.154s][info][gc] GC(482) Pause Young (Normal) (G1 Evacuation Pause) 1236M->869M(1379M) 8.814ms
[1311.282s][info][gc] GC(483) Pause Young (Normal) (G1 Evacuation Pause) 1235M->869M(1379M) 6.121ms
[1311.405s][info][gc] GC(484) Pause Young (Normal) (G1 Evacuation Pause) 1235M->869M(1379M) 6.191ms
[1311.556s][info][gc] GC(485) Pause Young (Normal) (G1 Evacuation Pause) 1235M->870M(1379M) 5.603ms
[1311.681s][info][gc] GC(486) Pause Young (Normal) (G1 Evacuation Pause) 1236M->870M(1379M) 10.101ms
[1311.805s][info][gc] GC(487) Pause Young (Normal) (G1 Evacuation Pause) 1236M->870M(1379M) 4.142ms
[1311.895s][info][gc] GC(488) Pause Young (Normal) (G1 Evacuation Pause) 1235M->871M(1379M) 4.638ms
[1311.975s][info][gc] GC(489) Pause Young (Normal) (G1 Evacuation Pause) 1237M->871M(1379M) 4.119ms
[1312.054s][info][gc] GC(490) Pause Young (Normal) (G1 Evacuation Pause) 1237M->871M(1379M) 4.692ms
[1312.132s][info][gc] GC(491) Pause Young (Normal) (G1 Evacuation Pause) 1237M->871M(1379M) 4.063ms
[1312.218s][info][gc] GC(492) Pause Young (Normal) (G1 Evacuation Pause) 1237M->871M(1379M) 4.153ms
[1312.334s][info][gc] GC(493) Pause Young (Normal) (G1 Evacuation Pause) 1237M->871M(1379M) 8.172ms
[1312.423s][info][gc] GC(494) Pause Young (Normal) (G1 Evacuation Pause) 1237M->871M(1379M) 4.205ms
[1312.540s][info][gc] GC(495) Pause Young (Normal) (G1 Evacuation Pause) 1237M->870M(1379M) 4.048ms
[1312.634s][info][gc] GC(496) Pause Young (Normal) (G1 Evacuation Pause) 1236M->870M(1379M) 3.948ms
[1312.699s][info][gc] GC(497) Pause Young (Normal) (G1 Evacuation Pause) 1236M->870M(1379M) 5.259ms
[1312.769s][info][gc] GC(498) Pause Young (Normal) (G1 Evacuation Pause) 1236M->870M(1379M) 4.487ms
[1312.857s][info][gc] GC(499) Pause Young (Normal) (G1 Evacuation Pause) 1236M->870M(1379M) 3.683ms
[1312.963s][info][gc] GC(500) Pause Young (Normal) (G1 Evacuation Pause) 1236M->871M(1379M) 6.489ms
[1313.047s][info][gc] GC(501) Pause Young (Normal) (G1 Evacuation Pause) 1237M->871M(1379M) 4.329ms
[1313.105s][info][gc] GC(502) Pause Young (Normal) (G1 Evacuation Pause) 1236M->871M(1379M) 3.628ms
[1313.167s][info][gc] GC(503) Pause Young (Normal) (G1 Evacuation Pause) 1236M->871M(1379M) 3.554ms
[1313.250s][info][gc] GC(504) Pause Young (Normal) (G1 Evacuation Pause) 1236M->871M(1379M) 3.798ms
[1355.452s][info][gc] GC(505) Pause Young (Normal) (G1 Evacuation Pause) 1236M->872M(1379M) 4.791ms
[1581.615s][info][gc] GC(506) Pause Young (Normal) (G1 Evacuation Pause) 1237M->874M(1379M) 12.108ms
[1613.468s][info][gc] GC(507) Pause Young (Normal) (G1 Evacuation Pause) 1234M->883M(1379M) 13.739ms
[1613.565s][info][gc] GC(508) Pause Young (Normal) (G1 Evacuation Pause) 1224M->883M(1379M) 8.876ms
[1613.669s][info][gc] GC(509) Pause Young (Normal) (G1 Evacuation Pause) 1225M->883M(1379M) 9.545ms
[1613.766s][info][gc] GC(510) Pause Young (Normal) (G1 Evacuation Pause) 1227M->883M(1379M) 9.781ms
[1613.873s][info][gc] GC(511) Pause Young (Normal) (G1 Evacuation Pause) 1227M->883M(1379M) 10.094ms
[1614.047s][info][gc] GC(512) Pause Young (Normal) (G1 Evacuation Pause) 1225M->884M(1379M) 14.140ms
[1614.220s][info][gc] GC(513) Pause Young (Normal) (G1 Evacuation Pause) 1226M->884M(1379M) 16.034ms
[1614.340s][info][gc] GC(514) Pause Young (Normal) (G1 Evacuation Pause) 1226M->884M(1379M) 10.705ms
[1614.538s][info][gc] GC(515) Pause Young (Normal) (G1 Evacuation Pause) 1226M->883M(1379M) 18.054ms
[1614.692s][info][gc] GC(516) Pause Young (Normal) (G1 Evacuation Pause) 1227M->883M(1379M) 11.407ms
[1614.816s][info][gc] GC(517) Pause Young (Normal) (G1 Evacuation Pause) 1227M->883M(1379M) 9.465ms
[1614.917s][info][gc] GC(518) Pause Young (Normal) (G1 Evacuation Pause) 1227M->883M(1379M) 9.341ms
[1615.027s][info][gc] GC(519) Pause Young (Normal) (G1 Evacuation Pause) 1227M->884M(1379M) 9.215ms
[1615.141s][info][gc] GC(520) Pause Young (Normal) (G1 Evacuation Pause) 1227M->884M(1379M) 9.178ms
[1615.242s][info][gc] GC(521) Pause Young (Normal) (G1 Evacuation Pause) 1227M->883M(1379M) 8.514ms
[1615.335s][info][gc] GC(522) Pause Young (Normal) (G1 Evacuation Pause) 1227M->884M(1379M) 9.159ms
[1615.434s][info][gc] GC(523) Pause Young (Normal) (G1 Evacuation Pause) 1235M->883M(1379M) 4.850ms
[1615.568s][info][gc] GC(524) Pause Young (Normal) (G1 Evacuation Pause) 1235M->883M(1379M) 4.561ms
[1615.682s][info][gc] GC(525) Pause Young (Normal) (G1 Evacuation Pause) 1234M->883M(1379M) 4.679ms
[1615.782s][info][gc] GC(526) Pause Young (Normal) (G1 Evacuation Pause) 1234M->883M(1379M) 4.311ms
[1615.876s][info][gc] GC(527) Pause Young (Normal) (G1 Evacuation Pause) 1234M->883M(1379M) 3.719ms
[1615.975s][info][gc] GC(528) Pause Young (Normal) (G1 Evacuation Pause) 1234M->883M(1379M) 4.428ms
[1616.097s][info][gc] GC(529) Pause Young (Normal) (G1 Evacuation Pause) 1235M->883M(1379M) 4.668ms
[1616.252s][info][gc] GC(530) Pause Young (Normal) (G1 Evacuation Pause) 1235M->883M(1379M) 3.593ms
[1616.319s][info][gc] GC(531) Pause Young (Normal) (G1 Evacuation Pause) 1236M->883M(1379M) 4.204ms
[1616.378s][info][gc] GC(532) Pause Young (Normal) (G1 Evacuation Pause) 1236M->883M(1379M) 3.559ms
[1616.439s][info][gc] GC(533) Pause Young (Normal) (G1 Evacuation Pause) 1236M->883M(1379M) 3.771ms
[1616.532s][info][gc] GC(534) Pause Young (Normal) (G1 Evacuation Pause) 1236M->883M(1379M) 3.777ms
[1616.624s][info][gc] GC(535) Pause Young (Normal) (G1 Evacuation Pause) 1236M->884M(1379M) 3.928ms
[1616.682s][info][gc] GC(536) Pause Young (Normal) (G1 Evacuation Pause) 1236M->884M(1379M) 4.128ms
[1616.740s][info][gc] GC(537) Pause Young (Normal) (G1 Evacuation Pause) 1236M->884M(1379M) 4.402ms
[1616.799s][info][gc] GC(538) Pause Young (Normal) (G1 Evacuation Pause) 1236M->883M(1379M) 3.648ms
[1616.889s][info][gc] GC(539) Pause Young (Normal) (G1 Evacuation Pause) 1235M->884M(1379M) 5.658ms
[1616.983s][info][gc] GC(540) Pause Young (Normal) (G1 Evacuation Pause) 1237M->885M(1379M) 4.625ms
[1617.063s][info][gc] GC(541) Pause Young (Normal) (G1 Evacuation Pause) 1236M->885M(1379M) 4.768ms
[1617.154s][info][gc] GC(542) Pause Young (Normal) (G1 Evacuation Pause) 1237M->885M(1379M) 4.910ms
[1617.246s][info][gc] GC(543) Pause Young (Normal) (G1 Evacuation Pause) 1237M->885M(1379M) 4.206ms
[1617.329s][info][gc] GC(544) Pause Young (Normal) (G1 Evacuation Pause) 1236M->885M(1379M) 4.705ms
[1617.412s][info][gc] GC(545) Pause Young (Normal) (G1 Evacuation Pause) 1236M->885M(1379M) 5.106ms
[1617.491s][info][gc] GC(546) Pause Young (Normal) (G1 Evacuation Pause) 1236M->885M(1379M) 5.108ms
[1617.568s][info][gc] GC(547) Pause Young (Normal) (G1 Evacuation Pause) 1236M->885M(1379M) 4.469ms
[1617.662s][info][gc] GC(548) Pause Young (Normal) (G1 Evacuation Pause) 1236M->885M(1379M) 4.179ms
[1617.771s][info][gc] GC(549) Pause Young (Normal) (G1 Evacuation Pause) 1236M->885M(1379M) 4.175ms
[1617.870s][info][gc] GC(550) Pause Young (Normal) (G1 Evacuation Pause) 1236M->885M(1379M) 4.037ms
[1617.932s][info][gc] GC(551) Pause Young (Normal) (G1 Evacuation Pause) 1236M->885M(1379M) 4.094ms
[1617.994s][info][gc] GC(552) Pause Young (Normal) (G1 Evacuation Pause) 1237M->884M(1379M) 3.818ms
[1618.071s][info][gc] GC(553) Pause Young (Normal) (G1 Evacuation Pause) 1236M->884M(1379M) 4.018ms
[1618.148s][info][gc] GC(554) Pause Young (Normal) (G1 Evacuation Pause) 1236M->885M(1379M) 4.083ms
[1618.237s][info][gc] GC(555) Pause Young (Normal) (G1 Evacuation Pause) 1237M->885M(1379M) 4.759ms
[1618.304s][info][gc] GC(556) Pause Young (Normal) (G1 Evacuation Pause) 1236M->885M(1379M) 6.800ms
[1618.388s][info][gc] GC(557) Pause Young (Normal) (G1 Evacuation Pause) 1236M->885M(1379M) 3.679ms
[1618.463s][info][gc] GC(558) Pause Young (Normal) (G1 Evacuation Pause) 1237M->885M(1379M) 4.297ms
[1618.539s][info][gc] GC(559) Pause Young (Normal) (G1 Evacuation Pause) 1236M->885M(1379M) 4.446ms
